1:1 -> 1:2          ,                   COMMA               
1:3 -> 1:4          ;                   SEMICOLON           
2:1 -> 2:2          (                   LEFT_PAREN          
3:1 -> 3:2          =                   EQUALS              
4:1 -> 4:2          <                   LESS_THAN           
5:1 -> 5:2          *                   STAR                
