sema: error: Condition for an if statement must be an integer
└── Program <8>
    └── FuncDecl: returnType = 'int', name = 'ifcond' <7>
        └── CompoundStmt <6>
            ├── IfStmt <2>
            │   ├── IntLiteral: value = '1' <0>
            │   └── CompoundStmt <1>
            └── IfStmt <5>
                ├── FloatLiteral: value = '1' <3>
                └── CompoundStmt <4>
